// Jest Snapshot v1, https://goo.gl/fbAQLP

exports[`App renders correctly 1`] = `
ShallowWrapper {
  "length": 1,
  Symbol(enzyme.__root__): [Circular],
  Symbol(enzyme.__unrendered__): <App />,
  Symbol(enzyme.__renderer__): Object {
    "batchedUpdates": [Function],
    "getNode": [Function],
    "render": [Function],
    "simulateEvent": [Function],
    "unmount": [Function],
  },
  Symbol(enzyme.__node__): Object {
    "instance": null,
    "key": undefined,
    "nodeType": "host",
    "props": Object {
      "children": Array [
        <h2
          className="title"
>
          My Notes
</h2>,
        <Form
          bsClass="form"
          componentClass="form"
          horizontal={false}
          inline={true}
          onSubmit={[Function]}
>
          <FormControl
                    bsClass="form-control"
                    componentClass="input"
                    onChange={[Function]}
                    value=""
          />
          <Button
                    active={false}
                    block={false}
                    bsClass="btn"
                    bsStyle="default"
                    className="submit-button"
                    disabled={false}
                    onClick={[Function]}
          >
                    Submit
          </Button>
</Form>,
        <ul
          className="notes-list"
>
          
</ul>,
        <Button
          active={false}
          block={false}
          bsClass="btn"
          bsStyle="default"
          className="clear-notes"
          disabled={false}
          onClick={[Function]}
>
          Clear Notes
</Button>,
      ],
    },
    "ref": null,
    "rendered": Array [
      Object {
        "instance": null,
        "key": undefined,
        "nodeType": "host",
        "props": Object {
          "children": "My Notes",
          "className": "title",
        },
        "ref": null,
        "rendered": "My Notes",
        "type": "h2",
      },
      Object {
        "instance": null,
        "key": undefined,
        "nodeType": "class",
        "props": Object {
          "bsClass": "form",
          "children": Array [
            <FormControl
              bsClass="form-control"
              componentClass="input"
              onChange={[Function]}
              value=""
/>,
            <Button
              active={false}
              block={false}
              bsClass="btn"
              bsStyle="default"
              className="submit-button"
              disabled={false}
              onClick={[Function]}
>
              Submit
</Button>,
          ],
          "componentClass": "form",
          "horizontal": false,
          "inline": true,
          "onSubmit": [Function],
        },
        "ref": null,
        "rendered": Array [
          Object {
            "instance": null,
            "key": undefined,
            "nodeType": "class",
            "props": Object {
              "bsClass": "form-control",
              "componentClass": "input",
              "onChange": [Function],
              "value": "",
            },
            "ref": null,
            "rendered": null,
            "type": [Function],
          },
          Object {
            "instance": null,
            "key": undefined,
            "nodeType": "class",
            "props": Object {
              "active": false,
              "block": false,
              "bsClass": "btn",
              "bsStyle": "default",
              "children": "Submit",
              "className": "submit-button",
              "disabled": false,
              "onClick": [Function],
            },
            "ref": null,
            "rendered": "Submit",
            "type": [Function],
          },
        ],
        "type": [Function],
      },
      Object {
        "instance": null,
        "key": undefined,
        "nodeType": "host",
        "props": Object {
          "children": Array [],
          "className": "notes-list",
        },
        "ref": null,
        "rendered": Array [],
        "type": "ul",
      },
      Object {
        "instance": null,
        "key": undefined,
        "nodeType": "class",
        "props": Object {
          "active": false,
          "block": false,
          "bsClass": "btn",
          "bsStyle": "default",
          "children": "Clear Notes",
          "className": "clear-notes",
          "disabled": false,
          "onClick": [Function],
        },
        "ref": null,
        "rendered": "Clear Notes",
        "type": [Function],
      },
    ],
    "type": "div",
  },
  Symbol(enzyme.__nodes__): Array [
    Object {
      "instance": null,
      "key": undefined,
      "nodeType": "host",
      "props": Object {
        "children": Array [
          <h2
            className="title"
>
            My Notes
</h2>,
          <Form
            bsClass="form"
            componentClass="form"
            horizontal={false}
            inline={true}
            onSubmit={[Function]}
>
            <FormControl
                        bsClass="form-control"
                        componentClass="input"
                        onChange={[Function]}
                        value=""
            />
            <Button
                        active={false}
                        block={false}
                        bsClass="btn"
                        bsStyle="default"
                        className="submit-button"
                        disabled={false}
                        onClick={[Function]}
            >
                        Submit
            </Button>
</Form>,
          <ul
            className="notes-list"
>
            
</ul>,
          <Button
            active={false}
            block={false}
            bsClass="btn"
            bsStyle="default"
            className="clear-notes"
            disabled={false}
            onClick={[Function]}
>
            Clear Notes
</Button>,
        ],
      },
      "ref": null,
      "rendered": Array [
        Object {
          "instance": null,
          "key": undefined,
          "nodeType": "host",
          "props": Object {
            "children": "My Notes",
            "className": "title",
          },
          "ref": null,
          "rendered": "My Notes",
          "type": "h2",
        },
        Object {
          "instance": null,
          "key": undefined,
          "nodeType": "class",
          "props": Object {
            "bsClass": "form",
            "children": Array [
              <FormControl
                bsClass="form-control"
                componentClass="input"
                onChange={[Function]}
                value=""
/>,
              <Button
                active={false}
                block={false}
                bsClass="btn"
                bsStyle="default"
                className="submit-button"
                disabled={false}
                onClick={[Function]}
>
                Submit
</Button>,
            ],
            "componentClass": "form",
            "horizontal": false,
            "inline": true,
            "onSubmit": [Function],
          },
          "ref": null,
          "rendered": Array [
            Object {
              "instance": null,
              "key": undefined,
              "nodeType": "class",
              "props": Object {
                "bsClass": "form-control",
                "componentClass": "input",
                "onChange": [Function],
                "value": "",
              },
              "ref": null,
              "rendered": null,
              "type": [Function],
            },
            Object {
              "instance": null,
              "key": undefined,
              "nodeType": "class",
              "props": Object {
                "active": false,
                "block": false,
                "bsClass": "btn",
                "bsStyle": "default",
                "children": "Submit",
                "className": "submit-button",
                "disabled": false,
                "onClick": [Function],
              },
              "ref": null,
              "rendered": "Submit",
              "type": [Function],
            },
          ],
          "type": [Function],
        },
        Object {
          "instance": null,
          "key": undefined,
          "nodeType": "host",
          "props": Object {
            "children": Array [],
            "className": "notes-list",
          },
          "ref": null,
          "rendered": Array [],
          "type": "ul",
        },
        Object {
          "instance": null,
          "key": undefined,
          "nodeType": "class",
          "props": Object {
            "active": false,
            "block": false,
            "bsClass": "btn",
            "bsStyle": "default",
            "children": "Clear Notes",
            "className": "clear-notes",
            "disabled": false,
            "onClick": [Function],
          },
          "ref": null,
          "rendered": "Clear Notes",
          "type": [Function],
        },
      ],
      "type": "div",
    },
  ],
  Symbol(enzyme.__options__): Object {
    "adapter": ReactSixteenAdapter {
      "options": Object {
        "enableComponentDidUpdateOnSetState": true,
      },
    },
    "disableLifecycleMethods": true,
  },
}
`;
